{"uid": "0", "label": 1, "token_id": [101, 2256, 2814, 2180, 1005, 1056, 4965, 2023, 4106, 1010, 2292, 2894, 1996, 2279, 2028, 2057, 16599, 1012, 102], "type_id": [0, 0, 0, 0, 0, 0, 0, 0, 0, 0, 0, 0, 0, 0, 0, 0, 0, 0, 0]}
{"uid": "1", "label": 1, "token_id": [101, 2028, 2062, 18404, 2236, 3989, 1998, 1045, 1005, 1049, 3228, 2039, 1012, 102], "type_id": [0, 0, 0, 0, 0, 0, 0, 0, 0, 0, 0, 0, 0, 0]}
{"uid": "2", "label": 1, "token_id": [101, 2028, 2062, 18404, 2236, 3989, 2030, 1045, 1005, 1049, 3228, 2039, 1012, 102], "type_id": [0, 0, 0, 0, 0, 0, 0, 0, 0, 0, 0, 0, 0, 0]}
{"uid": "3", "label": 1, "token_id": [101, 1996, 2062, 2057, 2817, 16025, 1010, 1996, 13675, 16103, 2121, 2027, 2131, 1012, 102], "type_id": [0, 0, 0, 0, 0, 0, 0, 0, 0, 0, 0, 0, 0, 0, 0]}
{"uid": "4", "label": 1, "token_id": [101, 2154, 2011, 2154, 1996, 8866, 2024, 2893, 14163, 8024, 3771, 1012, 102], "type_id": [0, 0, 0, 0, 0, 0, 0, 0, 0, 0, 0, 0, 0]}
