{"uid": "0", "label": 1, "token_id": [101, 17158, 2135, 6949, 8301, 25057, 2038, 2048, 3937, 9646, 1011, 4031, 1998, 10505, 1012, 102, 4031, 1998, 10505, 2024, 2054, 2191, 6949, 8301, 25057, 2147, 1012, 102], "type_id": [0, 0, 0, 0, 0, 0, 0, 0, 0, 0, 0, 0, 0, 0, 0, 0, 1, 1, 1, 1, 1, 1, 1, 1, 1, 1, 1, 1]}
{"uid": "1", "label": 2, "token_id": [101, 2017, 2113, 2076, 1996, 2161, 1998, 1045, 3984, 2012, 2012, 2115, 2504, 7910, 2017, 4558, 2068, 2000, 1996, 2279, 2504, 2065, 2065, 2027, 5630, 2000, 9131, 1996, 1996, 6687, 2136, 1996, 13980, 5630, 2000, 2655, 2000, 9131, 1037, 3124, 2013, 6420, 1037, 2059, 1037, 3313, 1037, 3124, 3632, 2039, 2000, 5672, 2032, 1998, 1037, 2309, 1037, 3124, 3632, 2039, 2000, 5672, 2032, 102, 2017, 4558, 1996, 2477, 2000, 1996, 2206, 2504, 2065, 1996, 2111, 9131, 1012, 102], "type_id": [0, 0, 0, 0, 0, 0, 0, 0, 0, 0, 0, 0, 0, 0, 0, 0, 0, 0, 0, 0, 0, 0, 0, 0, 0, 0, 0, 0, 0, 0, 0, 0, 0, 0, 0, 0, 0, 0, 0, 0, 0, 0, 0, 0, 0, 0, 0, 0, 0, 0, 0, 0, 0, 0, 0, 0, 0, 0, 0, 0, 0, 0, 0, 0, 1, 1, 1, 1, 1, 1, 1, 1, 1, 1, 1, 1, 1, 1]}
{"uid": "2", "label": 2, "token_id": [101, 2028, 1997, 2256, 2193, 2097, 4287, 2041, 2115, 8128, 3371, 2135, 1012, 102, 1037, 2266, 1997, 2026, 2136, 2097, 15389, 2115, 4449, 2007, 14269, 11718, 1012, 102], "type_id": [0, 0, 0, 0, 0, 0, 0, 0, 0, 0, 0, 0, 0, 0, 1, 1, 1, 1, 1, 1, 1, 1, 1, 1, 1, 1, 1, 1]}
{"uid": "3", "label": 2, "token_id": [101, 2129, 2079, 2017, 2113, 1029, 2035, 2023, 2003, 2037, 2592, 2153, 1012, 102, 2023, 2592, 7460, 2000, 2068, 1012, 102], "type_id": [0, 0, 0, 0, 0, 0, 0, 0, 0, 0, 0, 0, 0, 0, 1, 1, 1, 1, 1, 1, 1]}
{"uid": "4", "label": 1, "token_id": [101, 3398, 1045, 2425, 2017, 2054, 2295, 2065, 2017, 2175, 3976, 2070, 1997, 2216, 5093, 6007, 1045, 2064, 2156, 2339, 2085, 2017, 2113, 2027, 1005, 2128, 2893, 2039, 1999, 1996, 3634, 7922, 2846, 102, 1996, 5093, 6007, 2031, 1037, 2846, 1997, 7597, 1012, 102], "type_id": [0, 0, 0, 0, 0, 0, 0, 0, 0, 0, 0, 0, 0, 0, 0, 0, 0, 0, 0, 0, 0, 0, 0, 0, 0, 0, 0, 0, 0, 0, 0, 0, 0, 0, 1, 1, 1, 1, 1, 1, 1, 1, 1, 1]}
