{"uid": "0", "label": 5.0, "token_id": [101, 1037, 4946, 2003, 2635, 2125, 1012, 102, 2019, 2250, 4946, 2003, 2635, 2125, 1012, 102], "type_id": [0, 0, 0, 0, 0, 0, 0, 0, 1, 1, 1, 1, 1, 1, 1, 1]}
{"uid": "1", "label": 3.8, "token_id": [101, 1037, 2158, 2003, 2652, 1037, 2312, 8928, 1012, 102, 1037, 2158, 2003, 2652, 1037, 8928, 1012, 102], "type_id": [0, 0, 0, 0, 0, 0, 0, 0, 0, 0, 1, 1, 1, 1, 1, 1, 1, 1]}
{"uid": "2", "label": 3.8, "token_id": [101, 1037, 2158, 2003, 9359, 14021, 5596, 2098, 8808, 2006, 1037, 10733, 1012, 102, 1037, 2158, 2003, 9359, 29022, 8808, 2006, 2019, 4895, 3597, 23461, 10733, 1012, 102], "type_id": [0, 0, 0, 0, 0, 0, 0, 0, 0, 0, 0, 0, 0, 0, 1, 1, 1, 1, 1, 1, 1, 1, 1, 1, 1, 1, 1, 1]}
{"uid": "3", "label": 2.6, "token_id": [101, 2093, 2273, 2024, 2652, 7433, 1012, 102, 2048, 2273, 2024, 2652, 7433, 1012, 102], "type_id": [0, 0, 0, 0, 0, 0, 0, 0, 1, 1, 1, 1, 1, 1, 1]}
{"uid": "4", "label": 4.25, "token_id": [101, 1037, 2158, 2003, 2652, 1996, 10145, 1012, 102, 1037, 2158, 8901, 2003, 2652, 1996, 10145, 1012, 102], "type_id": [0, 0, 0, 0, 0, 0, 0, 0, 0, 1, 1, 1, 1, 1, 1, 1, 1, 1]}
