{"uid": "0", "label": 1, "token_id": [0, 9157, 16771, 13851, 6353, 2972, 16364, 34, 80, 3280, 22735, 111, 1152, 8, 18947, 4, 2, 2, 41257, 8, 18947, 32, 99, 146, 6353, 2972, 16364, 173, 4, 2], "type_id": [0, 0, 0, 0, 0, 0, 0, 0, 0, 0, 0, 0, 0, 0, 0, 0, 0, 0, 0, 0, 0, 0, 0, 0, 0, 0, 0, 0, 0, 0]}
{"uid": "1", "label": 2, "token_id": [0, 6968, 216, 148, 5, 191, 8, 939, 4443, 23, 23, 110, 672, 37463, 47, 2217, 106, 7, 5, 220, 672, 114, 114, 51, 2845, 7, 6001, 5, 5, 4095, 165, 5, 13376, 2845, 7, 486, 7, 6001, 10, 2173, 31, 6436, 83, 172, 10, 1457, 83, 2173, 1411, 62, 7, 3190, 123, 8, 10, 881, 83, 2173, 1411, 62, 7, 3190, 123, 2, 2, 1185, 2217, 5, 383, 7, 5, 511, 672, 114, 5, 82, 6001, 4, 2], "type_id": [0, 0, 0, 0, 0, 0, 0, 0, 0, 0, 0, 0, 0, 0, 0, 0, 0, 0, 0, 0, 0, 0, 0, 0, 0, 0, 0, 0, 0, 0, 0, 0, 0, 0, 0, 0, 0, 0, 0, 0, 0, 0, 0, 0, 0, 0, 0, 0, 0, 0, 0, 0, 0, 0, 0, 0, 0, 0, 0, 0, 0, 0, 0, 0, 0, 0, 0, 0, 0, 0, 0, 0, 0, 0, 0, 0, 0, 0, 0]}
{"uid": "2", "label": 2, "token_id": [0, 3762, 9, 84, 346, 40, 2324, 66, 110, 9223, 2289, 352, 4, 2, 2, 250, 919, 9, 127, 165, 40, 11189, 110, 3365, 19, 14151, 15339, 4, 2], "type_id": [0, 0, 0, 0, 0, 0, 0, 0, 0, 0, 0, 0, 0, 0, 0, 0, 0, 0, 0, 0, 0, 0, 0, 0, 0, 0, 0, 0, 0]}
{"uid": "3", "label": 2, "token_id": [0, 6179, 109, 47, 216, 116, 404, 42, 16, 49, 335, 456, 4, 2, 2, 713, 335, 12918, 7, 106, 4, 2], "type_id": [0, 0, 0, 0, 0, 0, 0, 0, 0, 0, 0, 0, 0, 0, 0, 0, 0, 0, 0, 0, 0, 0]}
{"uid": "4", "label": 1, "token_id": [0, 42803, 939, 1137, 47, 99, 600, 114, 47, 213, 425, 103, 9, 167, 5919, 5582, 939, 64, 192, 596, 122, 47, 216, 51, 214, 562, 62, 11, 5, 6317, 1404, 1186, 2, 2, 133, 5919, 5582, 33, 10, 1186, 9, 850, 4, 2], "type_id": [0, 0, 0, 0, 0, 0, 0, 0, 0, 0, 0, 0, 0, 0, 0, 0, 0, 0, 0, 0, 0, 0, 0, 0, 0, 0, 0, 0, 0, 0, 0, 0, 0, 0, 0, 0, 0, 0, 0, 0, 0, 0, 0, 0]}
