{"uid": "0", "label": 5.0, "token_id": [0, 250, 3286, 16, 602, 160, 4, 2, 2, 4688, 935, 3286, 16, 602, 160, 4, 2], "type_id": [0, 0, 0, 0, 0, 0, 0, 0, 0, 0, 0, 0, 0, 0, 0, 0, 0]}
{"uid": "1", "label": 3.8, "token_id": [0, 250, 313, 16, 816, 10, 739, 2342, 4467, 4, 2, 2, 250, 313, 16, 816, 10, 2342, 4467, 4, 2], "type_id": [0, 0, 0, 0, 0, 0, 0, 0, 0, 0, 0, 0, 0, 0, 0, 0, 0, 0, 0, 0, 0]}
{"uid": "2", "label": 3.8, "token_id": [0, 250, 313, 16, 9592, 27373, 196, 7134, 15, 10, 9366, 4, 2, 2, 250, 313, 16, 9592, 30274, 7134, 15, 41, 16511, 30134, 9366, 4, 2], "type_id": [0, 0, 0, 0, 0, 0, 0, 0, 0, 0, 0, 0, 0, 0, 0, 0, 0, 0, 0, 0, 0, 0, 0, 0, 0, 0, 0]}
{"uid": "3", "label": 2.6, "token_id": [0, 15622, 604, 32, 816, 25109, 4, 2, 2, 9058, 604, 32, 816, 25109, 4, 2], "type_id": [0, 0, 0, 0, 0, 0, 0, 0, 0, 0, 0, 0, 0, 0, 0, 0]}
{"uid": "4", "label": 4.25, "token_id": [0, 250, 313, 16, 816, 5, 3551, 139, 4, 2, 2, 250, 313, 17630, 16, 816, 5, 3551, 139, 4, 2], "type_id": [0, 0, 0, 0, 0, 0, 0, 0, 0, 0, 0, 0, 0, 0, 0, 0, 0, 0, 0, 0, 0]}
